[    0.000000] Initializing cgroup subsys cpuset
[    0.000000] Initializing cgroup subsys cpu
[    0.000000] Initializing cgroup subsys cpuacct
[    0.000000] Linux version 3.10.0-123.13.2.el7.x86_64 (builder@kbuilder.dev.centos.org) (gcc version 4.8.2 20140120 (Red Hat 4.8.2-16) (GCC) ) #1 SMP Thu Dec 18 14:09:13 UTC 2014
[    0.000000] Command line: BOOT_IMAGE=/vmlinuz-3.10.0-123.13.2.el7.x86_64 root=/dev/mapper/centos-root ro rd.lvm.lv=centos/swap vconsole.font=latarcyrheb-sun16 rd.lvm.lv=centos/root crashkernel=auto vconsole.keymap=us rhgb quiet LANG=en_US.UTF-8
[    0.000000] e820: BIOS-provided physical RAM map:
[    0.000000] BIOS-e820: [mem 0x0000000000000000-0x000000000009d7ff] usable
[    0.000000] BIOS-e820: [mem 0x000000000009d800-0x000000000009ffff] reserved
[    0.000000] BIOS-e820: [mem 0x00000000000e0000-0x00000000000fffff] reserved
[    0.000000] BIOS-e820: [mem 0x0000000000100000-0x000000008f6bbfff] usable
[    0.000000] BIOS-e820: [mem 0x000000008f6bc000-0x000000008f700fff] ACPI NVS
[    0.000000] BIOS-e820: [mem 0x000000008f701000-0x000000008f70ffff] ACPI data
[    0.000000] BIOS-e820: [mem 0x000000008f710000-0x000000008f826fff] reserved
[    0.000000] BIOS-e820: [mem 0x000000008f827000-0x000000008f836fff] ACPI NVS
[    0.000000] BIOS-e820: [mem 0x000000008f837000-0x000000008f865fff] reserved
[    0.000000] BIOS-e820: [mem 0x000000008f866000-0x000000008f866fff] usable
[    0.000000] BIOS-e820: [mem 0x000000008f867000-0x000000008f86ffff] ACPI NVS
[    0.000000] BIOS-e820: [mem 0x000000008f870000-0x000000008f881fff] reserved
[    0.000000] BIOS-e820: [mem 0x000000008f882000-0x000000008f88ffff] ACPI NVS
[    0.000000] BIOS-e820: [mem 0x000000008f890000-0x000000008f891fff] reserved
[    0.000000] BIOS-e820: [mem 0x000000008f892000-0x000000008f898fff] ACPI NVS
[    0.000000] BIOS-e820: [mem 0x000000008f899000-0x000000008f89bfff] reserved
[    0.000000] BIOS-e820: [mem 0x000000008f89c000-0x000000008f8a4fff] ACPI NVS
[    0.000000] BIOS-e820: [mem 0x000000008f8a5000-0x000000008f8cbfff] reserved
[    0.000000] BIOS-e820: [mem 0x000000008f8cc000-0x000000008facefff] ACPI NVS
[    0.000000] BIOS-e820: [mem 0x000000008facf000-0x000000008fd45fff] usable
[    0.000000] BIOS-e820: [mem 0x000000008fd46000-0x000000008fef6fff] reserved
[    0.000000] BIOS-e820: [mem 0x000000008fef7000-0x000000008fefffff] usable
[    0.000000] BIOS-e820: [mem 0x00000000e0000000-0x00000000efffffff] reserved
[    0.000000] BIOS-e820: [mem 0x00000000fec00000-0x00000000fec00fff] reserved
[    0.000000] BIOS-e820: [mem 0x00000000fec10000-0x00000000fec10fff] reserved
[    0.000000] BIOS-e820: [mem 0x00000000fed00000-0x00000000fed00fff] reserved
[    0.000000] BIOS-e820: [mem 0x00000000fed61000-0x00000000fed70fff] reserved
[    0.000000] BIOS-e820: [mem 0x00000000fed80000-0x00000000fed8ffff] reserved
[    0.000000] BIOS-e820: [mem 0x00000000ff000000-0x00000000ffffffff] reserved
[    0.000000] BIOS-e820: [mem 0x0000000100001000-0x000000024effffff] usable
[    0.000000] NX (Execute Disable) protection: active
[    0.000000] SMBIOS 2.7 present.
[    0.000000] DMI: ASUSTeK Computer Inc. K43TK/K43TK, BIOS 206 03/20/2012
[    0.000000] e820: update [mem 0x00000000-0x00000fff] usable ==> reserved
[    0.000000] e820: remove [mem 0x000a0000-0x000fffff] usable
[    0.000000] No AGP bridge found
[    0.000000] e820: last_pfn = 0x24f000 max_arch_pfn = 0x400000000
[    0.000000] MTRR default type: uncachable
[    0.000000] MTRR fixed ranges enabled:
[    0.000000]   00000-9FFFF write-back
[    0.000000]   A0000-BFFFF write-through
[    0.000000]   C0000-CEFFF write-protect
[    0.000000]   CF000-E7FFF uncachable
[    0.000000]   E8000-FFFFF write-protect
[    0.000000] MTRR variable ranges enabled:
[    0.000000]   0 base 0000000000 mask FF80000000 write-back
[    0.000000]   1 base 0080000000 mask FFF0000000 write-back
[    0.000000]   2 base 008FF00000 mask FFFFF00000 uncachable
[    0.000000]   3 disabled
[    0.000000]   4 disabled
[    0.000000]   5 disabled
[    0.000000]   6 disabled
[    0.000000]   7 disabled
[    0.000000] TOM2: 000000024f000000 aka 9456M
[    0.000000] x86 PAT enabled: cpu 0, old 0x7040600070406, new 0x7010600070106
[    0.000000] original variable MTRRs
[    0.000000] reg 0, base: 0GB, range: 2GB, type WB
[    0.000000] reg 1, base: 2GB, range: 256MB, type WB
[    0.000000] reg 2, base: 2303MB, range: 1MB, type UC
[    0.000000] total RAM covered: 2303M
[    0.000000] Found optimal setting for mtrr clean up
[    0.000000]  gran_size: 64K 	chunk_size: 2M 	num_reg: 3  	lose cover RAM: 0G
[    0.000000] New variable MTRRs
[    0.000000] reg 0, base: 0GB, range: 2GB, type WB
[    0.000000] reg 1, base: 2GB, range: 256MB, type WB
[    0.000000] reg 2, base: 2303MB, range: 1MB, type UC
[    0.000000] e820: update [mem 0x8ff00000-0xffffffff] usable ==> reserved
[    0.000000] e820: last_pfn = 0x8ff00 max_arch_pfn = 0x400000000
[    0.000000] found SMP MP-table at [mem 0x000fceb0-0x000fcebf] mapped at [ffff8800000fceb0]
[    0.000000] Base memory trampoline at [ffff880000097000] 97000 size 24576
[    0.000000] Using GB pages for direct mapping
[    0.000000] init_memory_mapping: [mem 0x00000000-0x000fffff]
[    0.000000]  [mem 0x00000000-0x000fffff] page 4k
[    0.000000] BRK [0x01e1f000, 0x01e1ffff] PGTABLE
[    0.000000] BRK [0x01e20000, 0x01e20fff] PGTABLE
[    0.000000] BRK [0x01e21000, 0x01e21fff] PGTABLE
[    0.000000] init_memory_mapping: [mem 0x24ee00000-0x24effffff]
[    0.000000]  [mem 0x24ee00000-0x24effffff] page 2M
[    0.000000] BRK [0x01e22000, 0x01e22fff] PGTABLE
[    0.000000] init_memory_mapping: [mem 0x24c000000-0x24edfffff]
[    0.000000]  [mem 0x24c000000-0x24edfffff] page 2M
[    0.000000] init_memory_mapping: [mem 0x200000000-0x24bffffff]
[    0.000000]  [mem 0x200000000-0x23fffffff] page 1G
[    0.000000]  [mem 0x240000000-0x24bffffff] page 2M
[    0.000000] init_memory_mapping: [mem 0x00100000-0x8f6bbfff]
[    0.000000]  [mem 0x00100000-0x001fffff] page 4k
[    0.000000]  [mem 0x00200000-0x3fffffff] page 2M
[    0.000000]  [mem 0x40000000-0x7fffffff] page 1G
[    0.000000]  [mem 0x80000000-0x8f5fffff] page 2M
[    0.000000]  [mem 0x8f600000-0x8f6bbfff] page 4k
[    0.000000] init_memory_mapping: [mem 0x8f866000-0x8f866fff]
[    0.000000]  [mem 0x8f866000-0x8f866fff] page 4k
[    0.000000] BRK [0x01e23000, 0x01e23fff] PGTABLE
[    0.000000] init_memory_mapping: [mem 0x8facf000-0x8fd45fff]
[    0.000000]  [mem 0x8facf000-0x8fd45fff] page 4k
[    0.000000] BRK [0x01e24000, 0x01e24fff] PGTABLE
[    0.000000] init_memory_mapping: [mem 0x8fef7000-0x8fefffff]
[    0.000000]  [mem 0x8fef7000-0x8fefffff] page 4k
[    0.000000] init_memory_mapping: [mem 0x100001000-0x1ffffffff]
[    0.000000]  [mem 0x100001000-0x1001fffff] page 4k
[    0.000000]  [mem 0x100200000-0x13fffffff] page 2M
[    0.000000]  [mem 0x140000000-0x1ffffffff] page 1G
[    0.000000] RAMDISK: [mem 0x35cbc000-0x36e55fff]
[    0.000000] Reserving 161MB of memory at 688MB for crashkernel (System RAM: 7656MB)
[    0.000000] ACPI: RSDP 00000000000f0450 00024 (v02 _ASUS_)
[    0.000000] ACPI: XSDT 000000008f701070 0005C (v01 _ASUS_ Notebook 01072009 AMI  00010013)
[    0.000000] ACPI: FACP 000000008f70d1c0 000F4 (v04 _ASUS_ Notebook 01072009 AMI  00010013)
[    0.000000] ACPI BIOS Warning (bug): Optional FADT field Pm2ControlBlock has zero address or length: 0x0000000000000000/0x1 (20130517/tbfadt-603)
[    0.000000] ACPI: DSDT 000000008f701158 0C061 (v02 _ASUS_ Notebook 00000000 INTL 20091112)
[    0.000000] ACPI: FACS 000000008f898f80 00040
[    0.000000] ACPI: APIC 000000008f70d2b8 00072 (v03 _ASUS_ Notebook 01072009 AMI  00010013)
[    0.000000] ACPI: MCFG 000000008f70d330 0003C (v01 _ASUS_ GMCH945. 01072009 MSFT 00000097)
[    0.000000] ACPI: HPET 000000008f70d370 00038 (v01 _ASUS_ Notebook 01072009 AMI  00000004)
[    0.000000] ACPI: SSDT 000000008f70d3a8 00E28 (v01 _ASUS_ POWERNOW 00000001 AMD  00000001)
[    0.000000] ACPI: SSDT 000000008f70e1d0 0190A (v02 _ASUS_     ALIB 00000001 MSFT 04000000)
[    0.000000] ACPI: SLIC 000000008f70fae0 00176 (v01 _ASUS_ Notebook 01072009 ASUS 00000001)
[    0.000000] ACPI: Local APIC address 0xfee00000
[    0.000000] No NUMA configuration found
[    0.000000] Faking a node at [mem 0x0000000000000000-0x000000024effffff]
[    0.000000] Initmem setup node 0 [mem 0x00000000-0x24effffff]
[    0.000000]   NODE_DATA [mem 0x24efd3000-0x24eff9fff]
[    0.000000]  [ffffea0000000000-ffffea00093fffff] PMD -> [ffff880246e00000-ffff88024e5fffff] on node 0
[    0.000000] Zone ranges:
[    0.000000]   DMA      [mem 0x00001000-0x00ffffff]
[    0.000000]   DMA32    [mem 0x01000000-0xffffffff]
[    0.000000]   Normal   [mem 0x100000000-0x24effffff]
[    0.000000] Movable zone start for each node
[    0.000000] Early memory node ranges
[    0.000000]   node   0: [mem 0x00001000-0x0009cfff]
[    0.000000]   node   0: [mem 0x00100000-0x8f6bbfff]
[    0.000000]   node   0: [mem 0x8f866000-0x8f866fff]
[    0.000000]   node   0: [mem 0x8facf000-0x8fd45fff]
[    0.000000]   node   0: [mem 0x8fef7000-0x8fefffff]
[    0.000000]   node   0: [mem 0x100001000-0x24effffff]
[    0.000000] On node 0 totalpages: 1960152
[    0.000000]   DMA zone: 64 pages used for memmap
[    0.000000]   DMA zone: 21 pages reserved
[    0.000000]   DMA zone: 3996 pages, LIFO batch:0
[    0.000000]   DMA32 zone: 9125 pages used for memmap
[    0.000000]   DMA32 zone: 583997 pages, LIFO batch:31
[    0.000000]   Normal zone: 21440 pages used for memmap
[    0.000000]   Normal zone: 1372159 pages, LIFO batch:31
[    0.000000] ACPI: PM-Timer IO Port: 0x808
[    0.000000] ACPI: Local APIC address 0xfee00000
[    0.000000] ACPI: LAPIC (acpi_id[0x01] lapic_id[0x00] enabled)
[    0.000000] ACPI: LAPIC (acpi_id[0x02] lapic_id[0x01] enabled)
[    0.000000] ACPI: LAPIC (acpi_id[0x03] lapic_id[0x02] enabled)
[    0.000000] ACPI: LAPIC (acpi_id[0x04] lapic_id[0x03] enabled)
[    0.000000] ACPI: LAPIC_NMI (acpi_id[0xff] high edge lint[0x1])
[    0.000000] ACPI: IOAPIC (id[0x05] address[0xfec00000] gsi_base[0])
[    0.000000] IOAPIC[0]: apic_id 5, version 33, address 0xfec00000, GSI 0-23
[    0.000000] ACPI: INT_SRC_OVR (bus 0 bus_irq 0 global_irq 2 dfl dfl)
[    0.000000] ACPI: INT_SRC_OVR (bus 0 bus_irq 9 global_irq 9 low level)
[    0.000000] ACPI: IRQ0 used by override.
[    0.000000] ACPI: IRQ2 used by override.
[    0.000000] ACPI: IRQ9 used by override.
[    0.000000] Using ACPI (MADT) for SMP configuration information
[    0.000000] ACPI: HPET id: 0xffffffff base: 0xfed00000
[    0.000000] smpboot: Allowing 4 CPUs, 0 hotplug CPUs
[    0.000000] nr_irqs_gsi: 40
[    0.000000] PM: Registered nosave memory: [mem 0x0009d000-0x0009dfff]
[    0.000000] PM: Registered nosave memory: [mem 0x0009e000-0x0009ffff]
[    0.000000] PM: Registered nosave memory: [mem 0x000a0000-0x000dffff]
[    0.000000] PM: Registered nosave memory: [mem 0x000e0000-0x000fffff]
[    0.000000] PM: Registered nosave memory: [mem 0x8f6bc000-0x8f700fff]
[    0.000000] PM: Registered nosave memory: [mem 0x8f701000-0x8f70ffff]
[    0.000000] PM: Registered nosave memory: [mem 0x8f710000-0x8f826fff]
[    0.000000] PM: Registered nosave memory: [mem 0x8f827000-0x8f836fff]
[    0.000000] PM: Registered nosave memory: [mem 0x8f837000-0x8f865fff]
[    0.000000] PM: Registered nosave memory: [mem 0x8f867000-0x8f86ffff]
[    0.000000] PM: Registered nosave memory: [mem 0x8f870000-0x8f881fff]
[    0.000000] PM: Registered nosave memory: [mem 0x8f882000-0x8f88ffff]
[    0.000000] PM: Registered nosave memory: [mem 0x8f890000-0x8f891fff]
[    0.000000] PM: Registered nosave memory: [mem 0x8f892000-0x8f898fff]
[    0.000000] PM: Registered nosave memory: [mem 0x8f899000-0x8f89bfff]
[    0.000000] PM: Registered nosave memory: [mem 0x8f89c000-0x8f8a4fff]
[    0.000000] PM: Registered nosave memory: [mem 0x8f8a5000-0x8f8cbfff]
[    0.000000] PM: Registered nosave memory: [mem 0x8f8cc000-0x8facefff]
[    0.000000] PM: Registered nosave memory: [mem 0x8fd46000-0x8fef6fff]
[    0.000000] PM: Registered nosave memory: [mem 0x8ff00000-0xdfffffff]
[    0.000000] PM: Registered nosave memory: [mem 0xe0000000-0xefffffff]
[    0.000000] PM: Registered nosave memory: [mem 0xf0000000-0xfebfffff]
[    0.000000] PM: Registered nosave memory: [mem 0xfec00000-0xfec00fff]
[    0.000000] PM: Registered nosave memory: [mem 0xfec01000-0xfec0ffff]
[    0.000000] PM: Registered nosave memory: [mem 0xfec10000-0xfec10fff]
[    0.000000] PM: Registered nosave memory: [mem 0xfec11000-0xfecfffff]
[    0.000000] PM: Registered nosave memory: [mem 0xfed00000-0xfed00fff]
[    0.000000] PM: Registered nosave memory: [mem 0xfed01000-0xfed60fff]
[    0.000000] PM: Registered nosave memory: [mem 0xfed61000-0xfed70fff]
[    0.000000] PM: Registered nosave memory: [mem 0xfed71000-0xfed7ffff]
[    0.000000] PM: Registered nosave memory: [mem 0xfed80000-0xfed8ffff]
[    0.000000] PM: Registered nosave memory: [mem 0xfed90000-0xfeffffff]
[    0.000000] PM: Registered nosave memory: [mem 0xff000000-0xffffffff]
[    0.000000] PM: Registered nosave memory: [mem 0x100000000-0x100000fff]
[    0.000000] e820: [mem 0x8ff00000-0xdfffffff] available for PCI devices
[    0.000000] Booting paravirtualized kernel on bare hardware
[    0.000000] setup_percpu: NR_CPUS:5120 nr_cpumask_bits:4 nr_cpu_ids:4 nr_node_ids:1
[    0.000000] PERCPU: Embedded 28 pages/cpu @ffff88024ec00000 s82560 r8192 d23936 u524288
[    0.000000] pcpu-alloc: s82560 r8192 d23936 u524288 alloc=1*2097152
[    0.000000] pcpu-alloc: [0] 0 1 2 3 
[    0.000000] Built 1 zonelists in Zone order, mobility grouping on.  Total pages: 1929502
[    0.000000] Policy zone: Normal
[    0.000000] Kernel command line: BOOT_IMAGE=/vmlinuz-3.10.0-123.13.2.el7.x86_64 root=/dev/mapper/centos-root ro rd.lvm.lv=centos/swap vconsole.font=latarcyrheb-sun16 rd.lvm.lv=centos/root crashkernel=auto vconsole.keymap=us rhgb quiet LANG=en_US.UTF-8
[    0.000000] PID hash table entries: 4096 (order: 3, 32768 bytes)
[    0.000000] Checking aperture...
[    0.000000] No AGP bridge found
[    0.000000] Memory: 7453336k/9682944k available (6107k kernel code, 1842336k absent, 387272k reserved, 4071k data, 1580k init)
[    0.000000] SLUB: HWalign=64, Order=0-3, MinObjects=0, CPUs=4, Nodes=1
[    0.000000] Hierarchical RCU implementation.
[    0.000000] 	RCU restricting CPUs from NR_CPUS=5120 to nr_cpu_ids=4.
[    0.000000] 	Experimental no-CBs for all CPUs
[    0.000000] 	Experimental no-CBs CPUs: 0-3.
[    0.000000] NR_IRQS:327936 nr_irqs:712 16
[    0.000000] Console: colour VGA+ 80x25
[    0.000000] console [tty0] enabled
[    0.000000] allocated 31457280 bytes of page_cgroup
[    0.000000] please try 'cgroup_disable=memory' option if you don't want memory cgroups
[    0.000000] hpet clockevent registered
[    0.000000] tsc: Fast TSC calibration using PIT
[    0.001000] tsc: Detected 1497.208 MHz processor
[    0.000004] Calibrating delay loop (skipped), value calculated using timer frequency.. 2994.41 BogoMIPS (lpj=1497208)
[    0.000009] pid_max: default: 32768 minimum: 301
[    0.000047] Security Framework initialized
[    0.000057] SELinux:  Initializing.
[    0.000067] SELinux:  Starting in permissive mode
[    0.001173] Dentry cache hash table entries: 1048576 (order: 11, 8388608 bytes)
[    0.004581] Inode-cache hash table entries: 524288 (order: 10, 4194304 bytes)
[    0.006062] Mount-cache hash table entries: 4096
[    0.006405] Initializing cgroup subsys memory
[    0.006421] Initializing cgroup subsys devices
[    0.006424] Initializing cgroup subsys freezer
[    0.006427] Initializing cgroup subsys net_cls
[    0.006429] Initializing cgroup subsys blkio
[    0.006431] Initializing cgroup subsys perf_event
[    0.006434] Initializing cgroup subsys hugetlb
[    0.006473] tseg: 008ff00000
[    0.006476] CPU: Physical Processor ID: 0
[    0.006478] CPU: Processor Core ID: 0
[    0.006481] mce: CPU supports 6 MCE banks
[    0.006494] Last level iTLB entries: 4KB 512, 2MB 16, 4MB 8
Last level dTLB entries: 4KB 1024, 2MB 128, 4MB 64
tlb_flushall_shift: 6
[    0.006619] Freeing SMP alternatives: 24k freed
[    0.008419] ACPI: Core revision 20130517
[    0.017407] ACPI: All ACPI Tables successfully acquired
[    0.029112] ftrace: allocating 23394 entries in 92 pages
[    0.046912] ..TIMER: vector=0x30 apic1=0 pin1=2 apic2=-1 pin2=-1
[    0.056919] smpboot: CPU0: AMD A6-3420M APU with Radeon(tm) HD Graphics (fam: 12, model: 01, stepping: 00)
[    0.158305] Performance Events: AMD PMU driver.
[    0.158310] ... version:                0
[    0.158311] ... bit width:              48
[    0.158312] ... generic registers:      4
[    0.158313] ... value mask:             0000ffffffffffff
[    0.158314] ... max period:             00007fffffffffff
[    0.158315] ... fixed-purpose events:   0
[    0.158316] ... event mask:             000000000000000f
[    0.159630] NMI watchdog: enabled on all CPUs, permanently consumes one hw-PMU counter.
[    0.159714] smpboot: Booting Node   0, Processors  #1 #2 #3 OK
[    0.199541] Brought up 4 CPUs
[    0.199544] smpboot: Total of 4 processors activated (11977.66 BogoMIPS)
[    0.201048] devtmpfs: initialized
[    0.203975] EVM: security.selinux
[    0.203978] EVM: security.ima
[    0.203979] EVM: security.capability
[    0.204158] PM: Registering ACPI NVS region [mem 0x8f6bc000-0x8f700fff] (282624 bytes)
[    0.204175] PM: Registering ACPI NVS region [mem 0x8f827000-0x8f836fff] (65536 bytes)
[    0.204179] PM: Registering ACPI NVS region [mem 0x8f867000-0x8f86ffff] (36864 bytes)
[    0.204182] PM: Registering ACPI NVS region [mem 0x8f882000-0x8f88ffff] (57344 bytes)
[    0.204187] PM: Registering ACPI NVS region [mem 0x8f892000-0x8f898fff] (28672 bytes)
[    0.204190] PM: Registering ACPI NVS region [mem 0x8f89c000-0x8f8a4fff] (36864 bytes)
[    0.204193] PM: Registering ACPI NVS region [mem 0x8f8cc000-0x8facefff] (2109440 bytes)
[    0.205531] atomic64 test passed for x86-64 platform with CX8 and with SSE
[    0.205602] NET: Registered protocol family 16
[    0.205962] ACPI: bus type PCI registered
[    0.205965] acpiphp: ACPI Hot Plug PCI Controller Driver version: 0.5
[    0.206063] PCI: MMCONFIG for domain 0000 [bus 00-ff] at [mem 0xe0000000-0xefffffff] (base 0xe0000000)
[    0.206066] PCI: MMCONFIG at [mem 0xe0000000-0xefffffff] reserved in E820
[    0.228771] PCI: Using configuration type 1 for base access
[    0.230134] bio: create slab <bio-0> at 0
[    0.230355] ACPI: Added _OSI(Module Device)
[    0.230357] ACPI: Added _OSI(Processor Device)
[    0.230359] ACPI: Added _OSI(3.0 _SCP Extensions)
[    0.230361] ACPI: Added _OSI(Processor Aggregator Device)
[    0.232116] ACPI: EC: Look up EC in DSDT
[    0.254754] ACPI: Executed 1 blocks of module-level executable AML code
[    0.258942] ACPI: Interpreter enabled
[    0.258955] ACPI Exception: AE_NOT_FOUND, While evaluating Sleep State [\_S1_] (20130517/hwxface-571)
[    0.258962] ACPI Exception: AE_NOT_FOUND, While evaluating Sleep State [\_S2_] (20130517/hwxface-571)
[    0.258985] ACPI: (supports S0 S3 S4 S5)
[    0.258988] ACPI: Using IOAPIC for interrupt routing
[    0.259252] PCI: Using host bridge windows from ACPI; if necessary, use "pci=nocrs" and report a bug
[    0.259449] ACPI: No dock devices found.
[    0.327325] [Firmware Bug]: ACPI: No _BQC method, cannot determine initial brightness
[    0.327358] [Firmware Bug]: ACPI: No _BQC method, cannot determine initial brightness
[    0.327621] [Firmware Bug]: ACPI: No _BQC method, cannot determine initial brightness
[    0.327632] [Firmware Bug]: ACPI: No _BQC method, cannot determine initial brightness
[    0.335339] ACPI: PCI Root Bridge [PCI0] (domain 0000 [bus 00-ff])
[    0.335349] acpi PNP0A03:00: _OSC: OS supports [ExtendedConfig ASPM ClockPM Segments MSI]
[    0.335400] \_SB_.PCI0:_OSC request failed
[    0.335402] _OSC request data:1 1f 0 
[    0.335409] acpi PNP0A03:00: _OSC failed (AE_ERROR); disabling ASPM
[    0.335917] PCI host bridge to bus 0000:00
[    0.335921] pci_bus 0000:00: root bus resource [bus 00-ff]
[    0.335925] pci_bus 0000:00: root bus resource [io  0x0000-0x03af]
[    0.335929] pci_bus 0000:00: root bus resource [io  0x03e0-0x0cf7]
[    0.335932] pci_bus 0000:00: root bus resource [io  0x03b0-0x03df]
[    0.335934] pci_bus 0000:00: root bus resource [io  0x1778-0xffff]
[    0.335938] pci_bus 0000:00: root bus resource [mem 0x000a0000-0x000bffff]
[    0.335941] pci_bus 0000:00: root bus resource [mem 0x000c0000-0x000dffff]
[    0.335944] pci_bus 0000:00: root bus resource [mem 0xb0000000-0xffffffff]
[    0.335957] pci 0000:00:00.0: [1022:1705] type 00 class 0x060000
[    0.336099] pci 0000:00:01.0: [1002:9647] type 00 class 0x030000
[    0.336112] pci 0000:00:01.0: reg 0x10: [mem 0xb0000000-0xbfffffff pref]
[    0.336120] pci 0000:00:01.0: reg 0x14: [io  0xf000-0xf0ff]
[    0.336129] pci 0000:00:01.0: reg 0x18: [mem 0xfeb00000-0xfeb3ffff]
[    0.336184] pci 0000:00:01.0: supports D1 D2
[    0.336291] pci 0000:00:01.1: [1002:1714] type 00 class 0x040300
[    0.336302] pci 0000:00:01.1: reg 0x10: [mem 0xfeb44000-0xfeb47fff]
[    0.336367] pci 0000:00:01.1: supports D1 D2
[    0.336476] pci 0000:00:02.0: [1022:1707] type 01 class 0x060400
[    0.336549] pci 0000:00:02.0: PME# supported from D0 D3hot D3cold
[    0.336717] pci 0000:00:04.0: [1022:1709] type 01 class 0x060400
[    0.336786] pci 0000:00:04.0: PME# supported from D0 D3hot D3cold
[    0.336870] pci 0000:00:04.0: System wakeup disabled by ACPI
[    0.336914] pci 0000:00:05.0: [1022:170a] type 01 class 0x060400
[    0.336982] pci 0000:00:05.0: PME# supported from D0 D3hot D3cold
[    0.337172] pci 0000:00:10.0: [1022:7812] type 00 class 0x0c0330
[    0.337198] pci 0000:00:10.0: reg 0x10: [mem 0xfeb48000-0xfeb49fff 64bit]
[    0.337326] pci 0000:00:10.0: PME# supported from D0 D3hot D3cold
[    0.337422] pci 0000:00:10.0: System wakeup disabled by ACPI
[    0.337480] pci 0000:00:11.0: [1022:7801] type 00 class 0x010601
[    0.337504] pci 0000:00:11.0: reg 0x10: [io  0xf140-0xf147]
[    0.337516] pci 0000:00:11.0: reg 0x14: [io  0xf130-0xf133]
[    0.337528] pci 0000:00:11.0: reg 0x18: [io  0xf120-0xf127]
[    0.337544] pci 0000:00:11.0: reg 0x1c: [io  0xf110-0xf113]
[    0.337556] pci 0000:00:11.0: reg 0x20: [io  0xf100-0xf10f]
[    0.337568] pci 0000:00:11.0: reg 0x24: [mem 0xfeb4d000-0xfeb4d7ff]
[    0.337730] pci 0000:00:12.0: [1022:7807] type 00 class 0x0c0310
[    0.337747] pci 0000:00:12.0: reg 0x10: [mem 0xfeb4c000-0xfeb4cfff]
[    0.337883] pci 0000:00:12.0: System wakeup disabled by ACPI
[    0.337978] pci 0000:00:12.2: [1022:7808] type 00 class 0x0c0320
[    0.338001] pci 0000:00:12.2: reg 0x10: [mem 0xfeb4b000-0xfeb4b0ff]
[    0.338101] pci 0000:00:12.2: supports D1 D2
[    0.338104] pci 0000:00:12.2: PME# supported from D0 D1 D2 D3hot
[    0.338187] pci 0000:00:12.2: System wakeup disabled by ACPI
[    0.338282] pci 0000:00:14.0: [1022:780b] type 00 class 0x0c0500
[    0.338493] pci 0000:00:14.2: [1022:780d] type 00 class 0x040300
[    0.338519] pci 0000:00:14.2: reg 0x10: [mem 0xfeb40000-0xfeb43fff 64bit]
[    0.338603] pci 0000:00:14.2: PME# supported from D0 D3hot D3cold
[    0.338679] pci 0000:00:14.2: System wakeup disabled by ACPI
[    0.338766] pci 0000:00:14.3: [1022:780e] type 00 class 0x060100
[    0.338992] pci 0000:00:14.4: [1022:780f] type 01 class 0x060401
[    0.339107] pci 0000:00:14.4: System wakeup disabled by ACPI
[    0.339201] pci 0000:00:14.7: [1022:7806] type 00 class 0x080501
[    0.339227] pci 0000:00:14.7: reg 0x10: [mem 0xfeb4a000-0xfeb4a0ff 64bit]
[    0.339414] pci 0000:00:18.0: [1022:1700] type 00 class 0x060000
[    0.339546] pci 0000:00:18.1: [1022:1701] type 00 class 0x060000
[    0.339668] pci 0000:00:18.2: [1022:1702] type 00 class 0x060000
[    0.339792] pci 0000:00:18.3: [1022:1703] type 00 class 0x060000
[    0.339922] pci 0000:00:18.4: [1022:1704] type 00 class 0x060000
[    0.340044] pci 0000:00:18.5: [1022:1718] type 00 class 0x060000
[    0.340164] pci 0000:00:18.6: [1022:1716] type 00 class 0x060000
[    0.340285] pci 0000:00:18.7: [1022:1719] type 00 class 0x060000
[    0.340493] pci 0000:01:00.0: [1002:6840] type 00 class 0x030000
[    0.340510] pci 0000:01:00.0: reg 0x10: [mem 0xc0000000-0xcfffffff 64bit pref]
[    0.340524] pci 0000:01:00.0: reg 0x18: [mem 0xfea20000-0xfea3ffff 64bit]
[    0.340536] pci 0000:01:00.0: reg 0x20: [io  0xe000-0xe0ff]
[    0.340550] pci 0000:01:00.0: reg 0x30: [mem 0xfea00000-0xfea1ffff pref]
[    0.340599] pci 0000:01:00.0: supports D1 D2
[    0.342557] pci 0000:00:02.0: PCI bridge to [bus 01]
[    0.342568] pci 0000:00:02.0:   bridge window [io  0xe000-0xefff]
[    0.342576] pci 0000:00:02.0:   bridge window [mem 0xfea00000-0xfeafffff]
[    0.342586] pci 0000:00:02.0:   bridge window [mem 0xc0000000-0xcfffffff 64bit pref]
[    0.342688] pci 0000:02:00.0: [10ec:8168] type 00 class 0x020000
[    0.342705] pci 0000:02:00.0: reg 0x10: [io  0xd000-0xd0ff]
[    0.342733] pci 0000:02:00.0: reg 0x18: [mem 0xd0004000-0xd0004fff 64bit pref]
[    0.342751] pci 0000:02:00.0: reg 0x20: [mem 0xd0000000-0xd0003fff 64bit pref]
[    0.342838] pci 0000:02:00.0: supports D1 D2
[    0.342841] pci 0000:02:00.0: PME# supported from D0 D1 D2 D3hot D3cold
[    0.344557] pci 0000:00:04.0: PCI bridge to [bus 02]
[    0.344567] pci 0000:00:04.0:   bridge window [io  0xd000-0xdfff]
[    0.344579] pci 0000:00:04.0:   bridge window [mem 0xd0000000-0xd00fffff 64bit pref]
[    0.344691] pci 0000:03:00.0: [168c:0032] type 00 class 0x028000
[    0.344713] pci 0000:03:00.0: reg 0x10: [mem 0xfe900000-0xfe97ffff 64bit]
[    0.344763] pci 0000:03:00.0: reg 0x30: [mem 0xfe980000-0xfe98ffff pref]
[    0.344827] pci 0000:03:00.0: supports D1 D2
[    0.344830] pci 0000:03:00.0: PME# supported from D0 D1 D2 D3hot D3cold
[    0.346555] pci 0000:00:05.0: PCI bridge to [bus 03]
[    0.346567] pci 0000:00:05.0:   bridge window [mem 0xfe900000-0xfe9fffff]
[    0.346685] pci 0000:00:14.4: PCI bridge to [bus 04] (subtractive decode)
[    0.346696] pci 0000:00:14.4:   bridge window [io  0x0000-0x03af] (subtractive decode)
[    0.346699] pci 0000:00:14.4:   bridge window [io  0x03e0-0x0cf7] (subtractive decode)
[    0.346703] pci 0000:00:14.4:   bridge window [io  0x03b0-0x03df] (subtractive decode)
[    0.346706] pci 0000:00:14.4:   bridge window [io  0x1778-0xffff] (subtractive decode)
[    0.346709] pci 0000:00:14.4:   bridge window [mem 0x000a0000-0x000bffff] (subtractive decode)
[    0.346712] pci 0000:00:14.4:   bridge window [mem 0x000c0000-0x000dffff] (subtractive decode)
[    0.346715] pci 0000:00:14.4:   bridge window [mem 0xb0000000-0xffffffff] (subtractive decode)
[    0.367862] ACPI: PCI Interrupt Link [LN24] (IRQs *24)
[    0.367917] ACPI: PCI Interrupt Link [LN25] (IRQs *25)
[    0.367966] ACPI: PCI Interrupt Link [LN26] (IRQs *26)
[    0.368015] ACPI: PCI Interrupt Link [LN27] (IRQs *27)
[    0.368062] ACPI: PCI Interrupt Link [LN28] (IRQs *28)
[    0.368110] ACPI: PCI Interrupt Link [LN29] (IRQs *29)
[    0.368158] ACPI: PCI Interrupt Link [LN30] (IRQs *30)
[    0.368207] ACPI: PCI Interrupt Link [LN31] (IRQs *31)
[    0.368255] ACPI: PCI Interrupt Link [LN32] (IRQs *32)
[    0.368302] ACPI: PCI Interrupt Link [LN33] (IRQs *33)
[    0.368350] ACPI: PCI Interrupt Link [LN34] (IRQs *34)
[    0.368398] ACPI: PCI Interrupt Link [LN35] (IRQs *35)
[    0.368445] ACPI: PCI Interrupt Link [LN36] (IRQs *36)
[    0.368492] ACPI: PCI Interrupt Link [LN37] (IRQs *37)
[    0.368547] ACPI: PCI Interrupt Link [LN38] (IRQs *38)
[    0.368595] ACPI: PCI Interrupt Link [LN39] (IRQs *39)
[    0.368643] ACPI: PCI Interrupt Link [LN40] (IRQs *40)
[    0.368691] ACPI: PCI Interrupt Link [LN41] (IRQs *41)
[    0.368739] ACPI: PCI Interrupt Link [LN42] (IRQs *42)
[    0.368788] ACPI: PCI Interrupt Link [LN43] (IRQs *43)
[    0.368835] ACPI: PCI Interrupt Link [LN44] (IRQs *44)
[    0.368883] ACPI: PCI Interrupt Link [LN45] (IRQs *45)
[    0.368931] ACPI: PCI Interrupt Link [LN46] (IRQs *46)
[    0.368979] ACPI: PCI Interrupt Link [LN47] (IRQs *47)
[    0.369026] ACPI: PCI Interrupt Link [LN48] (IRQs *48)
[    0.369074] ACPI: PCI Interrupt Link [LN49] (IRQs *49)
[    0.369121] ACPI: PCI Interrupt Link [LN50] (IRQs *50)
[    0.369169] ACPI: PCI Interrupt Link [LN51] (IRQs *51)
[    0.369216] ACPI: PCI Interrupt Link [LN52] (IRQs *52)
[    0.369264] ACPI: PCI Interrupt Link [LN53] (IRQs *53)
[    0.369311] ACPI: PCI Interrupt Link [LN54] (IRQs *54)
[    0.369359] ACPI: PCI Interrupt Link [LN55] (IRQs *55)
[    0.369440] ACPI: PCI Interrupt Link [LNKA] (IRQs 4 5 7 10 11 14 15) *0
[    0.369543] ACPI: PCI Interrupt Link [LNKB] (IRQs 4 5 7 10 11 14 15) *0
[    0.369641] ACPI: PCI Interrupt Link [LNKC] (IRQs 4 5 7 10 11 14 15) *0
[    0.369738] ACPI: PCI Interrupt Link [LNKD] (IRQs 4 5 7 10 11 14 15) *0
[    0.369817] ACPI: PCI Interrupt Link [LNKE] (IRQs 4 5 7 10 11 14 15) *0
[    0.369880] ACPI: PCI Interrupt Link [LNKF] (IRQs 4 5 7 10 11 14 15) *0
[    0.369943] ACPI: PCI Interrupt Link [LNKG] (IRQs 4 5 7 10 11 14 15) *0
[    0.370006] ACPI: PCI Interrupt Link [LNKH] (IRQs 4 5 7 10 11 14 15) *0
[    0.370380] ACPI: Enabled 2 GPEs in block 00 to 1F
[    0.370391] ACPI: \_SB_.PCI0: notify handler is installed
[    0.370479] Found 1 acpi root devices
[    0.370562] ACPI: EC: GPE = 0x3, I/O: command/status = 0x66, data = 0x62
[    0.370771] vgaarb: device added: PCI:0000:00:01.0,decodes=io+mem,owns=io+mem,locks=none
[    0.370784] vgaarb: device added: PCI:0000:01:00.0,decodes=io+mem,owns=none,locks=none
[    0.370787] vgaarb: loaded
[    0.370788] vgaarb: bridge control possible 0000:01:00.0
[    0.370790] vgaarb: no bridge control possible 0000:00:01.0
[    0.370898] SCSI subsystem initialized
[    0.370924] ACPI: bus type USB registered
[    0.370955] usbcore: registered new interface driver usbfs
[    0.370966] usbcore: registered new interface driver hub
[    0.371134] usbcore: registered new device driver usb
[    0.371371] PCI: Using ACPI for IRQ routing
[    0.381459] PCI: pci_cache_line_size set to 64 bytes
[    0.381543] e820: reserve RAM buffer [mem 0x0009d800-0x0009ffff]
[    0.381547] e820: reserve RAM buffer [mem 0x8f6bc000-0x8fffffff]
[    0.381551] e820: reserve RAM buffer [mem 0x8f867000-0x8fffffff]
[    0.381554] e820: reserve RAM buffer [mem 0x8fd46000-0x8fffffff]
[    0.381557] e820: reserve RAM buffer [mem 0x8ff00000-0x8fffffff]
[    0.381559] e820: reserve RAM buffer [mem 0x24f000000-0x24fffffff]
[    0.381687] NetLabel: Initializing
[    0.381689] NetLabel:  domain hash size = 128
[    0.381691] NetLabel:  protocols = UNLABELED CIPSOv4
[    0.381707] NetLabel:  unlabeled traffic allowed by default
[    0.381818] hpet0: at MMIO 0xfed00000, IRQs 2, 8, 0
[    0.381824] hpet0: 3 comparators, 32-bit 14.318180 MHz counter
[    0.383857] Switching to clocksource hpet
[    0.392045] pnp: PnP ACPI init
[    0.392067] ACPI: bus type PNP registered
[    0.392256] system 00:00: [mem 0xe0000000-0xefffffff] has been reserved
[    0.392262] system 00:00: Plug and Play ACPI device, IDs PNP0c01 (active)
[    0.393233] system 00:01: [io  0x04d0-0x04d1] has been reserved
[    0.393237] system 00:01: [io  0x040b] has been reserved
[    0.393240] system 00:01: [io  0x04d6] has been reserved
[    0.393243] system 00:01: [io  0x0c00-0x0c01] has been reserved
[    0.393247] system 00:01: [io  0x0c14] has been reserved
[    0.393250] system 00:01: [io  0x0c50-0x0c51] has been reserved
[    0.393253] system 00:01: [io  0x0c52] has been reserved
[    0.393256] system 00:01: [io  0x0c6c] has been reserved
[    0.393259] system 00:01: [io  0x0c6f] has been reserved
[    0.393262] system 00:01: [io  0x0cd0-0x0cd1] has been reserved
[    0.393265] system 00:01: [io  0x0cd2-0x0cd3] has been reserved
[    0.393269] system 00:01: [io  0x0cd4-0x0cd5] has been reserved
[    0.393272] system 00:01: [io  0x0cd6-0x0cd7] has been reserved
[    0.393275] system 00:01: [io  0x0cd8-0x0cdf] has been reserved
[    0.393279] system 00:01: [io  0x0800-0x089f] could not be reserved
[    0.393282] system 00:01: [io  0x0b20-0x0b3f] has been reserved
[    0.393286] system 00:01: [io  0x0900-0x090f] has been reserved
[    0.393289] system 00:01: [io  0x0910-0x091f] has been reserved
[    0.393292] system 00:01: [io  0xfe00-0xfefe] has been reserved
[    0.393297] system 00:01: [mem 0xfec00000-0xfec00fff] could not be reserved
[    0.393301] system 00:01: [mem 0xfee00000-0xfee00fff] has been reserved
[    0.393305] system 00:01: [mem 0xfed80000-0xfed8ffff] has been reserved
[    0.393308] system 00:01: [mem 0xfed61000-0xfed70fff] has been reserved
[    0.393312] system 00:01: [mem 0xfec10000-0xfec10fff] has been reserved
[    0.393315] system 00:01: [mem 0xfed00000-0xfed00fff] has been reserved
[    0.393319] system 00:01: [mem 0xff000000-0xffffffff] has been reserved
[    0.393323] system 00:01: Plug and Play ACPI device, IDs PNP0c02 (active)
[    0.393340] pnp 00:02: [dma 4]
[    0.393364] pnp 00:02: Plug and Play ACPI device, IDs PNP0200 (active)
[    0.393408] pnp 00:03: Plug and Play ACPI device, IDs PNP0b00 (active)
[    0.393441] pnp 00:04: Plug and Play ACPI device, IDs PNP0800 (active)
[    0.393516] system 00:05: [io  0x04d0-0x04d1] has been reserved
[    0.393520] system 00:05: Plug and Play ACPI device, IDs PNP0c02 (active)
[    0.393557] pnp 00:06: Plug and Play ACPI device, IDs PNP0c04 (active)
[    0.393646] system 00:07: [io  0x1770-0x1777] has been reserved
[    0.393650] system 00:07: Plug and Play ACPI device, IDs PNP0c02 (active)
[    0.393780] pnp 00:08: Plug and Play ACPI device, IDs ETD0102 PNP0f13 (active)
[    0.393897] pnp 00:09: Plug and Play ACPI device, IDs PNP0303 PNP030b (active)
[    0.415234] system 00:0a: Plug and Play ACPI device, IDs PNP0c02 (active)
[    0.415712] pnp 00:0b: Plug and Play ACPI device, IDs PNP0103 (active)
[    0.415718] pnp: PnP ACPI: found 12 devices
[    0.415720] ACPI: bus type PNP unregistered
[    0.424692] pci 0000:00:02.0: PCI bridge to [bus 01]
[    0.424700] pci 0000:00:02.0:   bridge window [io  0xe000-0xefff]
[    0.424706] pci 0000:00:02.0:   bridge window [mem 0xfea00000-0xfeafffff]
[    0.424712] pci 0000:00:02.0:   bridge window [mem 0xc0000000-0xcfffffff 64bit pref]
[    0.424718] pci 0000:00:04.0: PCI bridge to [bus 02]
[    0.424722] pci 0000:00:04.0:   bridge window [io  0xd000-0xdfff]
[    0.424729] pci 0000:00:04.0:   bridge window [mem 0xd0000000-0xd00fffff 64bit pref]
[    0.424735] pci 0000:00:05.0: PCI bridge to [bus 03]
[    0.424740] pci 0000:00:05.0:   bridge window [mem 0xfe900000-0xfe9fffff]
[    0.424748] pci 0000:00:14.4: PCI bridge to [bus 04]
[    0.424810] pci_bus 0000:00: resource 4 [io  0x0000-0x03af]
[    0.424813] pci_bus 0000:00: resource 5 [io  0x03e0-0x0cf7]
[    0.424816] pci_bus 0000:00: resource 6 [io  0x03b0-0x03df]
[    0.424819] pci_bus 0000:00: resource 7 [io  0x1778-0xffff]
[    0.424822] pci_bus 0000:00: resource 8 [mem 0x000a0000-0x000bffff]
[    0.424825] pci_bus 0000:00: resource 9 [mem 0x000c0000-0x000dffff]
[    0.424828] pci_bus 0000:00: resource 10 [mem 0xb0000000-0xffffffff]
[    0.424831] pci_bus 0000:01: resource 0 [io  0xe000-0xefff]
[    0.424834] pci_bus 0000:01: resource 1 [mem 0xfea00000-0xfeafffff]
[    0.424837] pci_bus 0000:01: resource 2 [mem 0xc0000000-0xcfffffff 64bit pref]
[    0.424841] pci_bus 0000:02: resource 0 [io  0xd000-0xdfff]
[    0.424844] pci_bus 0000:02: resource 2 [mem 0xd0000000-0xd00fffff 64bit pref]
[    0.424847] pci_bus 0000:03: resource 1 [mem 0xfe900000-0xfe9fffff]
[    0.424850] pci_bus 0000:04: resource 4 [io  0x0000-0x03af]
[    0.424853] pci_bus 0000:04: resource 5 [io  0x03e0-0x0cf7]
[    0.424856] pci_bus 0000:04: resource 6 [io  0x03b0-0x03df]
[    0.424859] pci_bus 0000:04: resource 7 [io  0x1778-0xffff]
[    0.424862] pci_bus 0000:04: resource 8 [mem 0x000a0000-0x000bffff]
[    0.424864] pci_bus 0000:04: resource 9 [mem 0x000c0000-0x000dffff]
[    0.424868] pci_bus 0000:04: resource 10 [mem 0xb0000000-0xffffffff]
[    0.424966] NET: Registered protocol family 2
[    0.425218] TCP established hash table entries: 65536 (order: 7, 524288 bytes)
[    0.425584] TCP bind hash table entries: 65536 (order: 8, 1048576 bytes)
[    0.426075] TCP: Hash tables configured (established 65536 bind 65536)
[    0.426141] TCP: reno registered
[    0.426163] UDP hash table entries: 4096 (order: 5, 131072 bytes)
[    0.426252] UDP-Lite hash table entries: 4096 (order: 5, 131072 bytes)
[    0.426421] NET: Registered protocol family 1
[    0.426445] pci 0000:00:01.0: Boot video device
[    0.753703] PCI: CLS 64 bytes, default 64
[    0.753764] Unpacking initramfs...
[    1.193617] Freeing initrd memory: 18024k freed
[    1.199739] PCI-DMA: Using software bounce buffering for IO (SWIOTLB)
[    1.199746] software IO TLB [mem 0x8b6bc000-0x8f6bc000] (64MB) mapped at [ffff88008b6bc000-ffff88008f6bbfff]
[    1.200241] LVT offset 0 assigned for vector 0x400
[    1.200325] perf: AMD IBS detected (0x000000ff)
[    1.201136] microcode: CPU0: patch_level=0x03000027
[    1.201198] microcode: CPU1: patch_level=0x03000027
[    1.201243] microcode: CPU2: patch_level=0x03000027
[    1.201289] microcode: CPU3: patch_level=0x03000027
[    1.201337] microcode: Microcode Update Driver: v2.00 <tigran@aivazian.fsnet.co.uk>, Peter Oruba
[    1.201723] futex hash table entries: 1024 (order: 4, 65536 bytes)
[    1.201740] Initialise system trusted keyring
[    1.201779] audit: initializing netlink socket (disabled)
[    1.201792] type=2000 audit(1428390261.078:1): initialized
[    1.235485] HugeTLB registered 2 MB page size, pre-allocated 0 pages
[    1.237219] zbud: loaded
[    1.237510] VFS: Disk quotas dquot_6.5.2
[    1.237562] Dquot-cache hash table entries: 512 (order 0, 4096 bytes)
[    1.237908] msgmni has been set to 14592
[    1.237988] Key type big_key registered
[    1.237990] SELinux:  Registering netfilter hooks
[    1.239553] alg: No test for stdrng (krng)
[    1.239572] NET: Registered protocol family 38
[    1.239581] Key type asymmetric registered
[    1.239583] Asymmetric key parser 'x509' registered
[    1.239658] Block layer SCSI generic (bsg) driver version 0.4 loaded (major 252)
[    1.239769] io scheduler noop registered
[    1.239771] io scheduler deadline registered (default)
[    1.239793] io scheduler cfq registered
[    1.240367] pci_hotplug: PCI Hot Plug PCI Core version: 0.5
[    1.240381] pciehp: PCI Express Hot Plug Controller Driver version: 0.4
[    1.242103] ACPI: AC Adapter [ACAD] (off-line)
[    1.242264] input: Power Button as /devices/LNXSYSTM:00/device:00/PNP0C0C:00/input/input0
[    1.242268] ACPI: Power Button [PWRB]
[    1.242296] input: Sleep Button as /devices/LNXSYSTM:00/device:00/PNP0C0E:00/input/input1
[    1.242299] ACPI: Sleep Button [SLPB]
[    1.242328] input: Lid Switch as /devices/LNXSYSTM:00/device:00/PNP0C0D:00/input/input2
[    1.242367] ACPI: Lid Switch [LID]
[    1.242395] input: Power Button as /devices/LNXSYSTM:00/LNXPWRBN:00/input/input3
[    1.242397] ACPI: Power Button [PWRF]
[    1.242605] ACPI: acpi_idle registered with cpuidle
[    1.247235] ACPI: [Package] has zero elements (ffff8802426c1dc0)
[    1.247327] ACPI: Invalid passive threshold
[    1.247332] ACPI: Invalid active0 threshold
[    1.248195] thermal LNXTHERM:00: registered as thermal_zone0
[    1.248205] ACPI: Thermal Zone [THRM] (43 C)
[    1.248278] GHES: HEST is not enabled!
[    1.248520] Serial: 8250/16550 driver, 4 ports, IRQ sharing enabled
[    1.249491] Non-volatile memory driver v1.3
[    1.249495] Linux agpgart interface v0.103
[    1.249643] crash memory driver: version 1.1
[    1.249666] rdac: device handler registered
[    1.249769] hp_sw: device handler registered
[    1.249771] emc: device handler registered
[    1.249772] alua: device handler registered
[    1.249801] libphy: Fixed MDIO Bus: probed
[    1.249934] ehci_hcd: USB 2.0 'Enhanced' Host Controller (EHCI) Driver
[    1.249943] ehci-pci: EHCI PCI platform driver
[    1.250187] ehci-pci 0000:00:12.2: EHCI Host Controller
[    1.250232] ehci-pci 0000:00:12.2: new USB bus registered, assigned bus number 1
[    1.250243] QUIRK: Enable AMD PLL fix
[    1.250245] ehci-pci 0000:00:12.2: applying AMD SB700/SB800/Hudson-2/3 EHCI dummy qh workaround
[    1.250258] ehci-pci 0000:00:12.2: debug port 1
[    1.250307] ehci-pci 0000:00:12.2: irq 17, io mem 0xfeb4b000
[    1.256069] ehci-pci 0000:00:12.2: USB 2.0 started, EHCI 1.00
[    1.256154] usb usb1: New USB device found, idVendor=1d6b, idProduct=0002
[    1.256157] usb usb1: New USB device strings: Mfr=3, Product=2, SerialNumber=1
[    1.256160] usb usb1: Product: EHCI Host Controller
[    1.256163] usb usb1: Manufacturer: Linux 3.10.0-123.13.2.el7.x86_64 ehci_hcd
[    1.256166] usb usb1: SerialNumber: 0000:00:12.2
[    1.256503] hub 1-0:1.0: USB hub found
[    1.256512] hub 1-0:1.0: 5 ports detected
[    1.256696] ohci_hcd: USB 1.1 'Open' Host Controller (OHCI) Driver
[    1.256697] ohci-pci: OHCI PCI platform driver
[    1.256877] ohci-pci 0000:00:12.0: OHCI PCI host controller
[    1.257109] ohci-pci 0000:00:12.0: new USB bus registered, assigned bus number 2
[    1.257149] ohci-pci 0000:00:12.0: irq 18, io mem 0xfeb4c000
[    1.312302] usb usb2: New USB device found, idVendor=1d6b, idProduct=0001
[    1.312307] usb usb2: New USB device strings: Mfr=3, Product=2, SerialNumber=1
[    1.312309] usb usb2: Product: OHCI PCI host controller
[    1.312311] usb usb2: Manufacturer: Linux 3.10.0-123.13.2.el7.x86_64 ohci_hcd
[    1.312313] usb usb2: SerialNumber: 0000:00:12.0
[    1.312712] hub 2-0:1.0: USB hub found
[    1.312771] hub 2-0:1.0: 5 ports detected
[    1.312929] uhci_hcd: USB Universal Host Controller Interface driver
[    1.313194] xhci_hcd 0000:00:10.0: xHCI Host Controller
[    1.313428] xhci_hcd 0000:00:10.0: new USB bus registered, assigned bus number 3
[    1.313717] xhci_hcd 0000:00:10.0: irq 40 for MSI/MSI-X
[    1.313724] xhci_hcd 0000:00:10.0: irq 41 for MSI/MSI-X
[    1.313730] xhci_hcd 0000:00:10.0: irq 42 for MSI/MSI-X
[    1.313739] xhci_hcd 0000:00:10.0: irq 43 for MSI/MSI-X
[    1.313744] xhci_hcd 0000:00:10.0: irq 44 for MSI/MSI-X
[    1.313868] usb usb3: New USB device found, idVendor=1d6b, idProduct=0002
[    1.313871] usb usb3: New USB device strings: Mfr=3, Product=2, SerialNumber=1
[    1.313873] usb usb3: Product: xHCI Host Controller
[    1.313874] usb usb3: Manufacturer: Linux 3.10.0-123.13.2.el7.x86_64 xhci_hcd
[    1.313876] usb usb3: SerialNumber: 0000:00:10.0
[    1.314239] hub 3-0:1.0: USB hub found
[    1.314252] hub 3-0:1.0: 2 ports detected
[    1.314321] xhci_hcd 0000:00:10.0: xHCI Host Controller
[    1.314501] xhci_hcd 0000:00:10.0: new USB bus registered, assigned bus number 4
[    1.317120] usb usb4: New USB device found, idVendor=1d6b, idProduct=0003
[    1.317122] usb usb4: New USB device strings: Mfr=3, Product=2, SerialNumber=1
[    1.317125] usb usb4: Product: xHCI Host Controller
[    1.317127] usb usb4: Manufacturer: Linux 3.10.0-123.13.2.el7.x86_64 xhci_hcd
[    1.317128] usb usb4: SerialNumber: 0000:00:10.0
[    1.317398] hub 4-0:1.0: USB hub found
[    1.317463] hub 4-0:1.0: 2 ports detected
[    1.321298] usbcore: registered new interface driver usbserial
[    1.321307] usbcore: registered new interface driver usbserial_generic
[    1.321316] usbserial: USB Serial support registered for generic
[    1.321358] i8042: PNP: PS/2 Controller [PNP0303:PS2K,PNP0f13:PS2M] at 0x60,0x64 irq 1,12
[    1.335889] serio: i8042 KBD port at 0x60,0x64 irq 1
[    1.335894] serio: i8042 AUX port at 0x60,0x64 irq 12
[    1.336112] mousedev: PS/2 mouse device common for all mice
[    1.337206] rtc_cmos 00:03: RTC can wake from S4
[    1.337385] rtc_cmos 00:03: rtc core: registered rtc_cmos as rtc0
[    1.337409] rtc_cmos 00:03: alarms up to one month, y3k, 114 bytes nvram, hpet irqs
[    1.337457] cpuidle: using governor menu
[    1.337619] hidraw: raw HID events driver (C) Jiri Kosina
[    1.337703] usbcore: registered new interface driver usbhid
[    1.337704] usbhid: USB HID core driver
[    1.337757] drop_monitor: Initializing network drop monitor service
[    1.337829] TCP: cubic registered
[    1.337831] Initializing XFRM netlink socket
[    1.337915] NET: Registered protocol family 10
[    1.338118] NET: Registered protocol family 17
[    1.338720] Loading compiled-in X.509 certificates
[    1.338753] Loaded X.509 cert 'CentOS Linux kpatch signing key: ea0413152cde1d98ebdca3fe6f0230904c9ef717'
[    1.338769] Loaded X.509 cert 'CentOS Linux Driver update signing key: 7f421ee0ab69461574bb358861dbe77762a4201b'
[    1.339689] Loaded X.509 cert 'CentOS Linux kernel signing key: 5ebcf9aa5da3533d8710937c196d514537899185'
[    1.339699] registered taskstats version 1
[    1.342767] Key type trusted registered
[    1.345191] Key type encrypted registered
[    1.347193] IMA: No TPM chip found, activating TPM-bypass!
[    1.347727] rtc_cmos 00:03: setting system clock to 2015-04-07 07:04:21 UTC (1428390261)
[    1.354975] input: AT Translated Set 2 keyboard as /devices/platform/i8042/serio0/input/input4
[    1.447255] ACPI: Battery Slot [BAT1] (battery present)
[    1.448580] Freeing unused kernel memory: 1580k freed
[    1.452469] systemd[1]: systemd 208 running in system mode. (+PAM +LIBWRAP +AUDIT +SELINUX +IMA +SYSVINIT +LIBCRYPTSETUP +GCRYPT +ACL +XZ)
[    1.452662] systemd[1]: Running in initial RAM disk.
[    1.452716] systemd[1]: Set hostname to <localhost.localdomain>.
[    1.491971] systemd[1]: Expecting device dev-mapper-centos\x2droot.device...
[    1.491997] systemd[1]: Starting -.slice.
[    1.492241] systemd[1]: Created slice -.slice.
[    1.492328] systemd[1]: Starting System Slice.
[    1.492449] systemd[1]: Created slice System Slice.
[    1.492481] systemd[1]: Starting Slices.
[    1.492494] systemd[1]: Reached target Slices.
[    1.492523] systemd[1]: Starting Timers.
[    1.492534] systemd[1]: Reached target Timers.
[    1.492627] systemd[1]: Starting Journal Socket.
[    1.492766] systemd[1]: Listening on Journal Socket.
[    1.493024] systemd[1]: Starting dracut cmdline hook...
[    1.493818] systemd[1]: Started Load Kernel Modules.
[    1.493901] systemd[1]: Starting Setup Virtual Console...
[    1.494353] systemd[1]: Starting Journal Service...
[    1.495057] systemd[1]: Started Journal Service.
[    1.503039] systemd-journald[106]: Vacuuming done, freed 0 bytes
[    1.558217] usb 1-3: new high-speed USB device number 2 using ehci-pci
[    1.714787] device-mapper: uevent: version 1.0.3
[    1.714979] device-mapper: ioctl: 4.27.0-ioctl (2013-10-30) initialised: dm-devel@redhat.com
[    1.735843] usb 1-3: New USB device found, idVendor=04f2, idProduct=b23b
[    1.735851] usb 1-3: New USB device strings: Mfr=3, Product=1, SerialNumber=2
[    1.735855] usb 1-3: Product: Chicony CNFA078
[    1.735857] usb 1-3: Manufacturer: Chicony
[    1.735860] usb 1-3: SerialNumber: 0x0001
[    1.766286] systemd-udevd[257]: starting version 208
[    1.811942] r8169 Gigabit Ethernet driver 2.3LK-NAPI loaded
[    1.811960] r8169 0000:02:00.0: can't disable ASPM; OS doesn't have ASPM control
[    1.812205] r8169 0000:02:00.0: irq 45 for MSI/MSI-X
[    1.812437] r8169 0000:02:00.0 eth0: RTL8168evl/8111evl at 0xffffc90000c7c000, 30:85:a9:ef:e2:e1, XID 0c900800 IRQ 45
[    1.812441] r8169 0000:02:00.0 eth0: jumbo features [frames: 9200 bytes, tx checksumming: ko]
[    1.817377] [drm] Initialized drm 1.1.0 20060810
[    1.843202] usb 1-5: new high-speed USB device number 3 using ehci-pci
[    1.861806] ACPI: bus type ATA registered
[    1.866350] [drm] radeon kernel modesetting enabled.
[    1.866374] VGA switcheroo: detected switching method \_SB_.PCI0.VGA_.ATPX handle
[    1.866889] [drm] initializing kernel modesetting (SUMO 0x1002:0x9647 0x1043:0x2121).
[    1.866939] [drm] register mmio base: 0xFEB00000
[    1.866941] [drm] register mmio size: 262144
[    1.867033] ATOM BIOS: Asus
[    1.867158] radeon 0000:00:01.0: VRAM: 512M 0x0000000000000000 - 0x000000001FFFFFFF (512M used)
[    1.867161] radeon 0000:00:01.0: GTT: 1024M 0x0000000020000000 - 0x000000005FFFFFFF
[    1.867163] [drm] Detected VRAM RAM=512M, BAR=256M
[    1.867165] [drm] RAM width 32bits DDR
[    1.867199] libata version 3.00 loaded.
[    1.867679] [TTM] Zone  kernel: Available graphics memory: 3736482 kiB
[    1.867681] [TTM] Zone   dma32: Available graphics memory: 2097152 kiB
[    1.867683] [TTM] Initializing pool allocator
[    1.867688] [TTM] Initializing DMA pool allocator
[    1.867717] [drm] radeon: 512M of VRAM memory ready
[    1.867719] [drm] radeon: 1024M of GTT memory ready.
[    1.867752] [drm] GART: num cpu pages 262144, num gpu pages 262144
[    1.881895] [drm] Loading SUMO Microcode
[    1.884712] [drm] PCIE GART of 1024M enabled (table at 0x0000000000040000).
[    1.884884] radeon 0000:00:01.0: WB enabled
[    1.884890] radeon 0000:00:01.0: fence driver on ring 0 use gpu addr 0x0000000020000c00 and cpu addr 0xffff88023f469c00
[    1.884893] radeon 0000:00:01.0: fence driver on ring 3 use gpu addr 0x0000000020000c0c and cpu addr 0xffff88023f469c0c
[    1.884897] [drm] Supports vblank timestamp caching Rev 1 (10.10.2010).
[    1.884898] [drm] Driver supports precise vblank timestamp query.
[    1.884928] radeon 0000:00:01.0: irq 46 for MSI/MSI-X
[    1.884950] radeon 0000:00:01.0: radeon: using MSI.
[    1.884985] [drm] radeon: irq initialized.
[    1.901863] [drm] ring test on 0 succeeded in 1 usecs
[    1.901926] [drm] ring test on 3 succeeded in 1 usecs
[    1.902493] [drm] Enabling audio 0 support
[    1.902534] [drm] ib test on ring 0 succeeded in 0 usecs
[    1.902566] [drm] ib test on ring 3 succeeded in 0 usecs
[    1.908446] [drm] radeon atom DIG backlight initialized
[    1.908449] [drm] Radeon Display Connectors
[    1.908451] [drm] Connector 0:
[    1.908453] [drm]   VGA-1
[    1.908454] [drm]   HPD2
[    1.908457] [drm]   DDC: 0x6440 0x6440 0x6444 0x6444 0x6448 0x6448 0x644c 0x644c
[    1.908459] [drm]   Encoders:
[    1.908460] [drm]     CRT1: INTERNAL_UNIPHY2
[    1.908462] [drm]     CRT1: NUTMEG
[    1.908464] [drm] Connector 1:
[    1.908465] [drm]   LVDS-1
[    1.908467] [drm]   HPD1
[    1.908469] [drm]   DDC: 0x6430 0x6430 0x6434 0x6434 0x6438 0x6438 0x643c 0x643c
[    1.908471] [drm]   Encoders:
[    1.908472] [drm]     LCD1: INTERNAL_UNIPHY2
[    1.908474] [drm]     LCD1: TRAVIS
[    1.908476] [drm] Connector 2:
[    1.908477] [drm]   HDMI-A-1
[    1.908479] [drm]   HPD6
[    1.908481] [drm]   DDC: 0x6480 0x6480 0x6484 0x6484 0x6488 0x6488 0x648c 0x648c
[    1.908483] [drm]   Encoders:
[    1.908484] [drm]     DFP1: INTERNAL_UNIPHY1
[    1.936411] [drm] Internal thermal controller without fan control
[    1.936442] [drm] radeon: power management initialized
[    1.971523] usb 1-5: New USB device found, idVendor=0bda, idProduct=0138
[    1.971532] usb 1-5: New USB device strings: Mfr=1, Product=2, SerialNumber=3
[    1.971535] usb 1-5: Product: USB2.0-CRW
[    1.971538] usb 1-5: Manufacturer: Generic
[    1.971541] usb 1-5: SerialNumber: 20090516388200000
[    1.982770] usbcore: registered new interface driver usb-storage
[    1.984389] ums-realtek 1-5:1.0: USB Mass Storage device detected
[    2.002516] usb 1-5: USB disconnect, device number 3
[    2.010385] scsi0 : usb-storage 1-5:1.0
[    2.010702] usbcore: registered new interface driver ums-realtek
[    2.012715] [drm] fb mappable at 0xB0244000
[    2.012723] [drm] vram apper at 0xB0000000
[    2.012725] [drm] size 4325376
[    2.012726] [drm] fb depth is 24
[    2.012727] [drm]    pitch is 5632
[    2.012895] fbcon: radeondrmfb (fb0) is primary device
[    2.016479] systemd-udevd[263]: renamed network interface eth0 to enp2s0
[    2.114815] Console: switching to colour frame buffer device 170x48
[    2.119935] radeon 0000:00:01.0: fb0: radeondrmfb frame buffer device
[    2.119939] radeon 0000:00:01.0: registered panic notifier
[    2.120239] [drm] Initialized radeon 2.34.0 20080528 for 0000:00:01.0 on minor 0
[    2.120310] radeon 0000:01:00.0: enabling device (0000 -> 0003)
[    2.120320] ahci 0000:00:11.0: version 3.0
[    2.120627] ahci 0000:00:11.0: irq 47 for MSI/MSI-X
[    2.120717] ahci 0000:00:11.0: AHCI 0001.0300 32 slots 3 ports 3 Gbps 0x7 impl SATA mode
[    2.120723] ahci 0000:00:11.0: flags: 64bit ncq sntf ilck pm led clo pmp pio slum part sxs 
[    2.120839] [drm] initializing kernel modesetting (TURKS 0x1002:0x6840 0x1043:0x2121).
[    2.120872] [drm] register mmio base: 0xFEA20000
[    2.120873] [drm] register mmio size: 131072
[    2.120877] vga_switcheroo: enabled
[    2.121039] ATPX version 1
[    2.121361] scsi1 : ahci
[    2.121784] scsi2 : ahci
[    2.122142] scsi3 : ahci
[    2.122226] ata1: SATA max UDMA/133 abar m2048@0xfeb4d000 port 0xfeb4d100 irq 47
[    2.122229] ata2: SATA max UDMA/133 abar m2048@0xfeb4d000 port 0xfeb4d180 irq 47
[    2.122232] ata3: SATA max UDMA/133 abar m2048@0xfeb4d000 port 0xfeb4d200 irq 47
[    2.201268] tsc: Refined TSC clocksource calibration: 1497.276 MHz
[    2.201277] Switching to clocksource tsc
[    2.414083] psmouse serio1: elantech: assuming hardware version 3 (with firmware version 0x550f00)
[    2.427248] ata3: SATA link down (SStatus 0 SControl 300)
[    2.440806] psmouse serio1: elantech: Synaptics capabilities query result 0x78, 0x17, 0x0b.
[    2.558742] input: ETPS/2 Elantech Touchpad as /devices/platform/i8042/serio1/input/input5
[    2.582484] ata2: SATA link up 1.5 Gbps (SStatus 113 SControl 300)
[    2.583480] ata1: SATA link up 3.0 Gbps (SStatus 123 SControl 300)
[    2.585917] ata2.00: ATAPI: HL-DT-ST DVDRAM GT51N, AS00, max UDMA/133
[    2.591655] ata2.00: configured for UDMA/133
[    2.643651] ata1.00: ATA-8: ST9500325AS, 0003SDM1, max UDMA/133
[    2.643659] ata1.00: 976773168 sectors, multi 16: LBA48 NCQ (depth 31/32)
[    2.646442] ata1.00: configured for UDMA/133
[    2.646978] scsi 1:0:0:0: Direct-Access     ATA      ST9500325AS      0003 PQ: 0 ANSI: 5
[    2.650911] scsi 2:0:0:0: CD-ROM            HL-DT-ST DVDRAM GT51N     AS00 PQ: 0 ANSI: 5
[    2.660161] sd 1:0:0:0: [sda] 976773168 512-byte logical blocks: (500 GB/465 GiB)
[    2.660653] sd 1:0:0:0: [sda] Write Protect is off
[    2.660661] sd 1:0:0:0: [sda] Mode Sense: 00 3a 00 00
[    2.660754] sd 1:0:0:0: [sda] Write cache: enabled, read cache: enabled, doesn't support DPO or FUA
[    2.664090]  sda: sda1 sda2
[    2.665546] sd 1:0:0:0: [sda] Attached SCSI disk
[    2.672166] sr0: scsi3-mmc drive: 24x/24x writer dvd-ram cd/rw xa/form2 cdda tray
[    2.672175] cdrom: Uniform CD-ROM driver Revision: 3.20
[    2.672552] sr 2:0:0:0: Attached scsi CD-ROM sr0
[    3.210762] ATOM BIOS: Asus
[    3.210890] radeon 0000:01:00.0: VRAM: 1024M 0x0000000000000000 - 0x000000003FFFFFFF (1024M used)
[    3.210892] radeon 0000:01:00.0: GTT: 1024M 0x0000000040000000 - 0x000000007FFFFFFF
[    3.210894] [drm] Detected VRAM RAM=1024M, BAR=256M
[    3.210896] [drm] RAM width 128bits DDR
[    3.210915] [drm] radeon: 1024M of VRAM memory ready
[    3.210917] [drm] radeon: 1024M of GTT memory ready.
[    3.210938] [drm] GART: num cpu pages 262144, num gpu pages 262144
[    3.215387] [drm] Loading TURKS Microcode
[    3.217331] [drm] PCIE GART of 1024M enabled (table at 0x0000000000040000).
[    3.217453] radeon 0000:01:00.0: WB enabled
[    3.217457] radeon 0000:01:00.0: fence driver on ring 0 use gpu addr 0x0000000040000c00 and cpu addr 0xffff880036624c00
[    3.217459] radeon 0000:01:00.0: fence driver on ring 3 use gpu addr 0x0000000040000c0c and cpu addr 0xffff880036624c0c
[    3.217461] [drm] Supports vblank timestamp caching Rev 1 (10.10.2010).
[    3.217462] [drm] Driver supports precise vblank timestamp query.
[    3.217495] radeon 0000:01:00.0: irq 48 for MSI/MSI-X
[    3.217512] radeon 0000:01:00.0: radeon: using MSI.
[    3.217553] [drm] radeon: irq initialized.
[    3.234363] [drm] ring test on 0 succeeded in 1 usecs
[    3.234426] [drm] ring test on 3 succeeded in 1 usecs
[    3.234868] [drm] Enabling audio 0 support
[    3.234930] [drm] ib test on ring 0 succeeded in 0 usecs
[    3.234988] [drm] ib test on ring 3 succeeded in 0 usecs
[    3.235170] [drm] Radeon Display Connectors
[    3.237596] [drm] Internal thermal controller without fan control
[    3.238541] [drm] radeon: power management initialized
[    3.238813] radeon 0000:01:00.0: No connectors reported connected with modes
[    3.238815] [drm] Cannot find any crtc or sizes - going 1024x768
[    3.241193] [drm] fb mappable at 0xC0241000
[    3.241195] [drm] vram apper at 0xC0000000
[    3.241196] [drm] size 3145728
[    3.241197] [drm] fb depth is 24
[    3.241198] [drm]    pitch is 4096
[    3.241507] radeon 0000:01:00.0: fb1: radeondrmfb frame buffer device
[    3.241526] [drm] Initialized radeon 2.34.0 20080528 for 0000:01:00.0 on minor 1
[    3.342201] bio: create slab <bio-1> at 1
[    3.871373] SGI XFS with ACLs, security attributes, large block/inode numbers, no debug enabled
[    3.874437] XFS (dm-1): Mounting Filesystem
[    4.060226] XFS (dm-1): Ending clean mount
[    4.516291] systemd-journald[106]: Received SIGTERM
[    5.465211] type=1404 audit(1428390265.616:2): enforcing=1 old_enforcing=0 auid=4294967295 ses=4294967295
[    5.713751] SELinux: 2048 avtab hash slots, 100245 rules.
[    5.729844] SELinux: 2048 avtab hash slots, 100245 rules.
[    5.769119] SELinux:  8 users, 86 roles, 4818 types, 285 bools, 1 sens, 1024 cats
[    5.769124] SELinux:  83 classes, 100245 rules
[    5.773616] SELinux:  Completing initialization.
[    5.773621] SELinux:  Setting up existing superblocks.
[    5.773631] SELinux: initialized (dev sysfs, type sysfs), uses genfs_contexts
[    5.773637] SELinux: initialized (dev rootfs, type rootfs), uses genfs_contexts
[    5.773649] SELinux: initialized (dev bdev, type bdev), uses genfs_contexts
[    5.773655] SELinux: initialized (dev proc, type proc), uses genfs_contexts
[    5.773696] SELinux: initialized (dev tmpfs, type tmpfs), uses transition SIDs
[    5.773763] SELinux: initialized (dev devtmpfs, type devtmpfs), uses transition SIDs
[    5.774535] SELinux: initialized (dev sockfs, type sockfs), uses task SIDs
[    5.774540] SELinux: initialized (dev debugfs, type debugfs), uses genfs_contexts
[    5.776006] SELinux: initialized (dev pipefs, type pipefs), uses task SIDs
[    5.776014] SELinux: initialized (dev anon_inodefs, type anon_inodefs), uses genfs_contexts
[    5.776017] SELinux: initialized (dev aio, type aio), not configured for labeling
[    5.776021] SELinux: initialized (dev devpts, type devpts), uses transition SIDs
[    5.776042] SELinux: initialized (dev hugetlbfs, type hugetlbfs), uses transition SIDs
[    5.776050] SELinux: initialized (dev mqueue, type mqueue), uses transition SIDs
[    5.776057] SELinux: initialized (dev selinuxfs, type selinuxfs), uses genfs_contexts
[    5.776075] SELinux: initialized (dev securityfs, type securityfs), uses genfs_contexts
[    5.776081] SELinux: initialized (dev sysfs, type sysfs), uses genfs_contexts
[    5.776640] SELinux: initialized (dev tmpfs, type tmpfs), uses transition SIDs
[    5.776652] SELinux: initialized (dev tmpfs, type tmpfs), uses transition SIDs
[    5.776750] SELinux: initialized (dev tmpfs, type tmpfs), uses transition SIDs
[    5.776786] SELinux: initialized (dev cgroup, type cgroup), uses genfs_contexts
[    5.776798] SELinux: initialized (dev pstore, type pstore), uses genfs_contexts
[    5.776800] SELinux: initialized (dev cgroup, type cgroup), uses genfs_contexts
[    5.776807] SELinux: initialized (dev cgroup, type cgroup), uses genfs_contexts
[    5.776814] SELinux: initialized (dev cgroup, type cgroup), uses genfs_contexts
[    5.776824] SELinux: initialized (dev cgroup, type cgroup), uses genfs_contexts
[    5.776829] SELinux: initialized (dev cgroup, type cgroup), uses genfs_contexts
[    5.776833] SELinux: initialized (dev cgroup, type cgroup), uses genfs_contexts
[    5.776837] SELinux: initialized (dev cgroup, type cgroup), uses genfs_contexts
[    5.776848] SELinux: initialized (dev cgroup, type cgroup), uses genfs_contexts
[    5.776852] SELinux: initialized (dev cgroup, type cgroup), uses genfs_contexts
[    5.776859] SELinux: initialized (dev configfs, type configfs), uses genfs_contexts
[    5.776866] SELinux: initialized (dev dm-1, type xfs), uses xattr
[    5.787852] type=1403 audit(1428390265.938:3): policy loaded auid=4294967295 ses=4294967295
[    5.833602] systemd[1]: Successfully loaded SELinux policy in 416.223ms.
[    6.214056] systemd[1]: Relabelled /dev and /run in 24.421ms.
[   10.023602] SELinux: initialized (dev autofs, type autofs), uses genfs_contexts
[   10.649593] systemd-journald[496]: Vacuuming done, freed 0 bytes
[   11.397080] SELinux: initialized (dev hugetlbfs, type hugetlbfs), uses transition SIDs
[   12.578560] RPC: Registered named UNIX socket transport module.
[   12.578565] RPC: Registered udp transport module.
[   12.578566] RPC: Registered tcp transport module.
[   12.578568] RPC: Registered tcp NFSv4.1 backchannel transport module.
[   12.579601] SELinux: initialized (dev rpc_pipefs, type rpc_pipefs), uses genfs_contexts
[   12.602362] systemd-udevd[535]: starting version 208
[   13.419628] [Firmware Bug]: ACPI: No _BQC method, cannot determine initial brightness
[   13.419642] [Firmware Bug]: ACPI: No _BQC method, cannot determine initial brightness
[   13.429860] acpi device:1e: registered as cooling_device4
[   13.429890] ACPI: Video Device [VGA] (multi-head: yes  rom: no  post: no)
[   13.429928] input: Video Bus as /devices/LNXSYSTM:00/device:00/PNP0A03:00/LNXVIDEO:00/input/input6
[   13.432452] acpi device:22: registered as cooling_device5
[   13.432468] ACPI: Video Device [VGA1] (multi-head: yes  rom: no  post: no)
[   13.432508] input: Video Bus as /devices/LNXSYSTM:00/device:00/PNP0A03:00/device:20/LNXVIDEO:01/input/input7
[   13.493776] acpi-cpufreq: overriding BIOS provided _PSD data
[   13.532767] Installing knfsd (copyright (C) 1996 okir@monad.swb.de).
[   13.533416] SELinux: initialized (dev nfsd, type nfsd), uses genfs_contexts
[   13.634561] wmi: Mapper loaded
[   13.700902] kvm: Nested Paging enabled
[   13.738717] input: PC Speaker as /devices/platform/pcspkr/input/input8
[   13.760047] shpchp: Standard Hot Plug PCI Controller Driver version: 0.4
[   13.902921] sdhci: Secure Digital Host Controller Interface driver
[   13.902928] sdhci: Copyright(c) Pierre Ossman
[   13.915820] sdhci-pci 0000:00:14.7: SDHCI controller found [1022:7806] (rev 0)
[   13.916238] mmc0: SDHCI controller on PCI [0000:00:14.7] using ADMA
[   14.091177] ACPI Warning: SystemIO range 0x0000000000000b00-0x0000000000000b07 conflicts with OpRegion 0x0000000000000b00-0x0000000000000b7f (\_SB_.SMB0) (20130517/utaddress-254)
[   14.091195] ACPI: If an ACPI driver is available for this device, you should use it instead of the native driver
[   14.767008] asus_wmi: ASUS WMI generic driver loaded
[   14.771935] asus_wmi: Initialization: 0x1
[   14.772035] asus_wmi: BIOS WMI version: 7.6
[   14.772140] asus_wmi: SFUN value: 0x1a0077
[   14.773704] input: Asus WMI hotkeys as /devices/platform/asus-nb-wmi/input/input9
[   14.777885] asus_wmi: Backlight controlled by ACPI video driver
[   15.418747] Linux video capture interface: v2.00
[   15.618233] cfg80211: Calling CRDA to update world regulatory domain
[   15.921114] snd_hda_intel 0000:00:01.1: irq 49 for MSI/MSI-X
[   15.939825] input: HD-Audio Generic HDMI/DP,pcm=3 as /devices/pci0000:00/0000:00:01.1/sound/card0/input10
[   16.038434] uvcvideo: Found UVC 1.00 device Chicony CNFA078 (04f2:b23b)
[   16.045524] input: Chicony CNFA078 as /devices/pci0000:00/0000:00:12.2/usb1/1-3/1-3:1.0/input/input11
[   16.046050] usbcore: registered new interface driver uvcvideo
[   16.046060] USB Video Class driver (1.1.1)
[   16.077872] input: HD-Audio Generic Headphone as /devices/pci0000:00/0000:00:14.2/sound/card1/input12
[   16.078272] input: HD-Audio Generic Mic as /devices/pci0000:00/0000:00:14.2/sound/card1/input13
[   16.364079] cfg80211: World regulatory domain updated:
[   16.364090] cfg80211:   (start_freq - end_freq @ bandwidth), (max_antenna_gain, max_eirp)
[   16.364097] cfg80211:   (2402000 KHz - 2472000 KHz @ 40000 KHz), (N/A, 2000 mBm)
[   16.364102] cfg80211:   (2457000 KHz - 2482000 KHz @ 40000 KHz), (N/A, 2000 mBm)
[   16.364106] cfg80211:   (2474000 KHz - 2494000 KHz @ 20000 KHz), (N/A, 2000 mBm)
[   16.364110] cfg80211:   (5170000 KHz - 5250000 KHz @ 80000 KHz), (N/A, 2000 mBm)
[   16.364114] cfg80211:   (5735000 KHz - 5835000 KHz @ 80000 KHz), (N/A, 2000 mBm)
[   16.364119] cfg80211:   (57240000 KHz - 63720000 KHz @ 2160000 KHz), (N/A, 0 mBm)
[   16.955061] ath: phy0: ASPM enabled: 0x42
[   16.955067] ath: EEPROM regdomain: 0x60
[   16.955068] ath: EEPROM indicates we should expect a direct regpair map
[   16.955071] ath: Country alpha2 being used: 00
[   16.955072] ath: Regpair used: 0x60
[   17.022443] Adding 8388604k swap on /dev/mapper/centos-swap.  Priority:-1 extents:1 across:8388604k FS
[   17.115448] ieee80211 phy0: Selected rate control algorithm 'minstrel_ht'
[   17.116383] ieee80211 phy0: Atheros AR9485 Rev:1 mem=0xffffc90012b80000, irq=17
[   17.144830] systemd-udevd[548]: renamed network interface wlan0 to wlp3s0
[   17.255885] cfg80211: Calling CRDA for country: CN
[   17.262123] cfg80211: Regulatory domain changed to country: CN
[   17.262149] cfg80211:   (start_freq - end_freq @ bandwidth), (max_antenna_gain, max_eirp)
[   17.262156] cfg80211:   (2402000 KHz - 2482000 KHz @ 40000 KHz), (N/A, 2000 mBm)
[   17.262161] cfg80211:   (5170000 KHz - 5250000 KHz @ 80000 KHz), (N/A, 2300 mBm)
[   17.262165] cfg80211:   (5250000 KHz - 5330000 KHz @ 80000 KHz), (N/A, 2300 mBm)
[   17.262169] cfg80211:   (5735000 KHz - 5835000 KHz @ 80000 KHz), (N/A, 3000 mBm)
[   17.262174] cfg80211:   (57240000 KHz - 59400000 KHz @ 2160000 KHz), (N/A, 2800 mBm)
[   17.262178] cfg80211:   (59400000 KHz - 63720000 KHz @ 2160000 KHz), (N/A, 4400 mBm)
[   17.262183] cfg80211:   (63720000 KHz - 65880000 KHz @ 2160000 KHz), (N/A, 2800 mBm)
[   18.113480] XFS (sda1): Mounting Filesystem
[   33.849822] XFS (sda1): Ending clean mount
[   33.849866] SELinux: initialized (dev sda1, type xfs), uses xattr
[   33.868818] systemd-journald[496]: Received request to flush runtime journal from PID 1
[   34.115570] type=1305 audit(1428390294.262:4): audit_pid=729 old=0 auid=4294967295 ses=4294967295 subj=system_u:system_r:auditd_t:s0 res=1
[   34.450599] microcode: failed to load file amd-ucode/microcode_amd.bin
[   34.549542] sd 1:0:0:0: Attached scsi generic sg0 type 0
[   34.549653] sr 2:0:0:0: Attached scsi generic sg1 type 5
[   35.682671] ip_tables: (C) 2000-2006 Netfilter Core Team
[   35.751430] nf_conntrack version 0.5.0 (16384 buckets, 65536 max)
[   35.776670] ip6_tables: (C) 2000-2006 Netfilter Core Team
[   35.884928] Ebtables v2.0 registered
[   35.922432] Bridge firewalling registered
[   35.970755] vgaarb: device changed decodes: PCI:0000:01:00.0,olddecodes=io+mem,decodes=none:owns=none
[   35.970807] vgaarb: device changed decodes: PCI:0000:00:01.0,olddecodes=io+mem,decodes=none:owns=io+mem
[   36.164218] vboxdrv: module verification failed: signature and/or required key missing - tainting kernel
[   36.172480] vboxdrv: Found 4 processor cores.
[   36.181609] vboxdrv: fAsync=0 offMin=0x367 offMax=0x133d
[   36.181752] vboxdrv: TSC mode is 'synchronous', kernel timer mode is 'normal'.
[   36.181754] vboxdrv: Successfully loaded version 4.3.20 (interface 0x001a0008).
[   36.434706] vboxpci: IOMMU not found (not registered)
[   36.901079] r8169 0000:02:00.0 enp2s0: link down
[   36.901295] IPv6: ADDRCONF(NETDEV_UP): enp2s0: link is not ready
[   36.917009] IPv6: ADDRCONF(NETDEV_UP): wlp3s0: link is not ready
[   39.036723] wlp3s0: authenticate with cc:34:29:22:72:7e
[   39.058280] wlp3s0: send auth to cc:34:29:22:72:7e (try 1/3)
[   39.060364] wlp3s0: authenticated
[   39.061447] wlp3s0: associate with cc:34:29:22:72:7e (try 1/3)
[   39.070167] wlp3s0: RX AssocResp from cc:34:29:22:72:7e (capab=0x431 status=0 aid=9)
[   39.070243] wlp3s0: associated
[   39.070287] IPv6: ADDRCONF(NETDEV_CHANGE): wlp3s0: link becomes ready
[   88.455175] fuse init (API version 7.22)
[   88.495738] SELinux: initialized (dev fuse, type fuse), uses genfs_contexts
[   88.503371] SELinux: initialized (dev fusectl, type fusectl), uses genfs_contexts
[   91.926061] Bluetooth: Core ver 2.16
[   91.926196] NET: Registered protocol family 31
[   91.926198] Bluetooth: HCI device and connection manager initialized
[   91.926209] Bluetooth: HCI socket layer initialized
[   91.926212] Bluetooth: L2CAP socket layer initialized
[   91.926218] Bluetooth: SCO socket layer initialized
[   92.035473] Bluetooth: BNEP (Ethernet Emulation) ver 1.3
[   92.035484] Bluetooth: BNEP filters: protocol multicast
[   92.035504] Bluetooth: BNEP socket layer initialized
[  121.808852] usb 2-1: new low-speed USB device number 2 using ohci-pci
[  121.957744] usb 2-1: New USB device found, idVendor=17ef, idProduct=6050
[  121.957757] usb 2-1: New USB device strings: Mfr=0, Product=2, SerialNumber=0
[  121.957764] usb 2-1: Product: Lenovo Precision USB Mouse
[  121.967117] input: Lenovo Precision USB Mouse as /devices/pci0000:00/0000:00:12.0/usb2/2-1/2-1:1.0/input/input14
[  121.968182] hid-generic 0003:17EF:6050.0001: input,hidraw0: USB HID v1.11 Mouse [Lenovo Precision USB Mouse] on usb-0000:00:12.0-1/input0
[  435.344144] TCP: lp registered
[  576.960680] [Firmware Bug]: battery: (dis)charge rate invalid.
[16551.805942] traps: polkitd[870] general protection ip:7fa8620c2cf2 sp:7fffe5d1d340 error:0 in libmozjs-17.0.so[7fa861f84000+3b3000]
